197ea3749f551ee7
Of course. Please paste the email here, and I will summarize it for you in the requested format.

197ee6abdfdf0f21
Based on the provided information, here is an objective news summary:

Daimler Truck has distributed an email communication to recipients via its "jnet.daimlertruck.com" online portal. The email itself did not contain the message's content, instead directing individuals to a web link to view the full communication. The specific subject of the message was not available in the provided text.

197eea2e1220edfc
CAIRO – Telecom Egypt has signed a Memorandum of Understanding with India-based healthcare technology company KareXpert to launch a national digital healthcare platform for Egypt. The platform will provide hospitals with an integrated information management system, unified electronic medical records, and revenue management tools, all hosted on a secure national cloud within the country to ensure data sovereignty. The agreement, announced at the recent Africa Health ExCon 2025 conference, aims to improve operational efficiency for medical facilities and supports Egypt's Vision 2030 for digital transformation.

197eea7ebd6c7e53
Logistics giant DHL announced on Wednesday it will deploy more than 1,000 additional robots throughout its UK operations. The company stated the move is intended to support business growth in its e-commerce and life sciences health care sectors. This initiative is part of DHL's broader strategy to expand its contract logistics business by 2030, focusing on increased automation and digitalization.

197eeb538dee6122
Deutsche Telekom announced Wednesday the nationwide expansion of its 5G+ Gaming service in Germany, adding support for iPhone 15 and 16 series devices. The cloud gaming service, which utilizes 5G Standalone network slicing technology for lower latency, operates on the "Sora Stream" platform, offering access to over 500 games. The company also confirmed future support for the Samsung Galaxy S25 series and is providing a 50 percent discount on Sora Stream subscriptions to its customers until the end of October 2025.

197eecbf5ebb2cc3
The European Central Bank has announced that Bulgaria is set to join the euro area on January 1, 2026, with the Bulgarian lev's conversion rate fixed at 1.95583 per euro. In other recent releases, the ECB reported that euro area bank interest rate statistics for May 2025 showed the composite borrowing cost for new corporate loans decreased to 3.65%, while rates for new household mortgages remained broadly unchanged at 3.30%. The bank also published remarks from executive board members on the ECB's monetary agenda and its commitment to addressing climate change.

197eee4ce1f08452
### vip-shuttle.com Adds Luxury Setra Coach with Onboard Kitchen for Elite Clientele

**ZELL UNTER AICHELBERG, Germany** – To celebrate its 25th anniversary, vip-shuttle.com GmbH announced on Wednesday the acquisition of a new, custom-equipped Setra S 517 HD coach designed for exclusive events and high-profile clients.

The 13.9-meter, black-painted coach is outfitted for luxury and business, featuring 40 leather seats that can be reconfigured to a 36-seat arrangement with six conference tables. The vehicle is equipped with a full kitchen unit that includes a beer dispenser, a professional coffee machine, a microwave convection oven, a dishwasher, and three refrigerators.

According to the company, the coach is intended for rental, charter, and shuttle services. Its target clientele includes corporate delegations, international stars requiring a tour bus, and professional sports teams. To ensure privacy and provide entertainment, the vehicle features tinted windows, a multimedia system with four 21-inch monitors, and individual loudspeakers at every seat.

This purchase marks the first Setra ComfortClass coach to be added to the Swabian shuttle company's fleet. The S 517 HD is equipped with the latest driver and safety assistance systems from Daimler Truck, Setra's parent company.

197ef1e29b8dae19
**Lions Coach Slams Officiating After Controversial Loss: 'We Don't Know the Rules'**

**GREEN BAY, Wis.** – Detroit Lions Head Coach Dan Campbell sharply criticized NFL officiating Sunday night following a narrow 24-23 loss to the Green Bay Packers at Lambeau Field. The coach’s frustration stemmed from a controversial tripping penalty called against his team in the final minutes, which nullified a key offensive gain and effectively ended their chance for a game-winning field goal.

The penalty occurred with just over one minute remaining in the fourth quarter, as the Lions were driving in Packers territory. The flag erased a crucial first down, pushing Detroit back 15 yards and ultimately forcing a turnover on downs.

In a heated post-game press conference, Campbell questioned the consistency and clarity of how such rules are enforced. "I don't know what to tell the team, because we don’t know the rules," Campbell stated when asked about the decisive call. He expressed a belief that similar actions go unpenalized in other games, leading to confusion for players and coaches alike as to what constitutes a foul. The loss drops the Lions to 1-2 on the season.

197ef31debecbe22
**Central Bank Hikes Interest Rates to Combat Persistent Inflation**

**WASHINGTON** – The Federal Reserve raised its benchmark interest rate by a quarter of a percentage point on Wednesday, continuing its aggressive campaign to curb stubbornly high inflation. The move, announced following a two-day policy meeting, marks the eleventh rate hike since March of last year.

The decision by the Federal Open Market Committee (FOMC) brings the key federal funds rate to a target range of 5.25% to 5.50%, its highest level in 22 years. The unanimous vote was driven by economic data showing that while inflation has cooled from its peak, it remains well above the central bank's 2% target.

In a statement, officials cited "elevated" inflation and a surprisingly resilient job market as key factors. The hike aims to slow the economy by increasing the cost of borrowing for consumers and businesses, thereby dampening demand and stabilizing prices. Fed Chairman Jerome Powell indicated that future policy decisions would remain "data-dependent" as the committee assesses the cumulative impact of its actions.

197ef3c93ceefb9c
**Ontex Introduces Bio-Based Absorbent to Reduce Diaper Carbon Footprint**

**AALST, Belgium** – Ontex Group NV, an international producer of personal care products, announced Wednesday that it is introducing a lower-carbon, bio-based superabsorbent polymer (bioSAP) into its diapers. The new material will initially be rolled out in the company's Moltex Pure and Nature brand, available across Europe.

The move is part of Ontex’s strategy to reduce its environmental impact. The company is gradually replacing traditional fossil-fuel-based superabsorbent polymers (SAP), a key component in a diaper's absorbent core and a significant source of its carbon emissions. According to Ontex, the new bioSAP has a carbon footprint that is 15% to 25% lower than its conventional counterpart.

The company stated the change aligns with its validated target to reduce Scope 3 greenhouse gas emissions, which are largely driven by raw materials, by 25% by 2030. While the initial launch is limited, Ontex plans to expand the use of bioSAP to other products and for its retail partners in the future.

The announcement was made on July 9, 2025, from Ontex's headquarters in Aalst. The company said that while current SAP is not recyclable, it views the development of biodegradable materials as a key step toward future circular solutions for hygiene products.

197ef41fc34f6237
### US Tariffs to Drag Down Global Economy and Insurance Growth, Swiss Re Warns

**ZURICH** – New US tariff policies are set to slow global economic growth and significantly curb the expansion of the insurance industry in 2025, according to a report released Wednesday by the Swiss Re Institute.

In its latest *sigma* study, the Zurich-based research arm of the global reinsurance giant forecasts that global GDP growth will decelerate to 2.3% in 2025, a drop from 2.8% in 2024. The institute attributes the slowdown to reduced trade and heightened economic uncertainty stemming from US policy, which it says will prompt consumers and businesses to cut spending and investment.

The report, published on July 9, 2025, predicts that the global insurance industry will follow this downward trend. Total premium growth is expected to fall sharply to 2% in 2025 from a strong 5.2% in 2024.

"US tariff policy is another move towards more market fragmentation, which would reduce the affordability and availability of insurance, and so diminish global risk resilience," said Jérôme Haegeli, Swiss Re's Group Chief Economist.

The analysis projects a "stagflationary shock" for the United States, with its GDP growth forecast to slow to 1.5% in 2025. The US motor insurance sector is expected to be the most directly impacted, as tariffs drive up the cost of auto parts for repairs and vehicle replacements.

197ef449e9b02044
**E.ON Deploys Digital Twin for German Power Grid to Manage Renewable Energy Surge**

**ESSEN, Germany** – Energy giant E.ON announced Wednesday it has completed the rollout of a "digital twin" for its entire 700,000-kilometer German power grid. The project, which creates a virtual map of over a third of the nation's electricity distribution network, aims to accelerate the integration of renewable energy sources and improve grid stability.

The digital twin was developed by E.ON in partnership with its subsidiary envelio, a European market leader in smart grid software. The system analyzes real-time data from 55 million grid components and over 180,000 measuring devices. This allows E.ON, Germany's largest distribution system operator, to instantly assess grid capacity, pinpoint areas needing expansion, and automate the processing of grid connection requests.

Company officials state the technology is a direct response to the growing complexity of the energy landscape. In 2024 alone, E.ON handled over 410,000 connection requests for new solar panels, wind turbines, heat pumps, and electric vehicle chargers. The digital twin is designed to manage this influx efficiently, ensuring the power generated by renewables can be transported effectively.

"Digitization is the key to a high level of security of supply and stability of our power grids," said Thomas König, E.ON's Board Member for Grids.

The project is crucial for Germany's energy transition, as more than half of the country's renewable energy capacity is connected to E.ON's grid. The company is already using similar digital twin technology for its networks in Sweden, the Czech Republic, and Poland.

197ef47c78237284
**E.ON Activates 'Digital Twin' of German Power Grid to Manage Green Energy Surge**

**ESSEN, Germany** – Energy company E.ON announced Wednesday it has completed the rollout of a "digital twin" for its entire 700,000-kilometer German distribution power grid. The project, aimed at accelerating the country's energy transition, creates a virtual replica of the physical network to better manage the integration of renewable energy sources.

The digital twin, developed with technology from the smart grid software firm envelio, maps more than a third of Germany's total distribution grid. The system processes real-time data from 55 million grid components and over 180,000 measuring devices.

According to E.ON, this technology is a direct response to the increasing complexity of the energy system. The platform allows the company to automate and process connection requests for new solar panels, wind turbines, and electric vehicle chargers in seconds. This addresses a major bottleneck, as the company handled over 410,000 such requests in the last year alone.

By creating a complete virtual model, E.ON can instantly identify where the grid has capacity for new connections and where expansion is urgently needed. Officials state this capability is crucial for maintaining grid stability and security of supply, especially since more than half of Germany's renewable energy capacity is connected to the E.ON grid. The initiative is part of a larger digitalization effort, with similar technology already deployed in E.ON's grids in Sweden, the Czech Republic, and Poland.

197ef58e7a9d010f
**E.ON Completes Digital Twin of German Power Grid to Accelerate Energy Transition**

ESSEN, Germany – Energy provider E.ON announced on Wednesday the full implementation of a "digital twin" for its entire 700,000-kilometre German distribution power grid. The project, completed on July 9, 2025, aims to accelerate the integration of renewable energy and improve grid management.

The digital twin is a virtual replica of more than a third of Germany's total distribution grid. It was developed in partnership with the smart grid software company and E.ON subsidiary, envelio. The system analyzes real-time data from 55 million network components and over 180,000 measuring devices to calculate grid capacity and utilization.

Company officials stated the technology is critical for managing the increasing complexity of the energy system. The primary purpose of the digital twin is to automate and expedite the assessment of grid connection requests for new renewable energy sources, such as wind turbines and solar PV systems, as well as heat pumps and electric vehicle charging stations. E.ON reported receiving over 410,000 such requests in 2024 alone. By identifying where grid expansion is most urgent, the system is designed to enhance the security of the power supply.

"Digitization is the key to a high level of security of supply and stability of our power grids," said Thomas König, E.ON's Board Member for Grids.

The technology is already in use by E.ON in Sweden, the Czech Republic, and Poland. The successful rollout in Germany marks a significant step in digitizing Europe's energy infrastructure to support the ongoing transition to renewable power.

197ef5b95afc90e4
**E.ON Completes 'Digital Twin' of German Grid to Accelerate Energy Transition**

**ESSEN, Germany** – E.ON, the country's largest distribution grid operator, announced on Wednesday the completion of a "digital twin" for its 700,000-kilometer German power grid. The virtual replica, created in partnership with smart grid software firm envelio, is designed to more effectively manage the integration of renewable energy sources.

The project, which now virtually maps over a third of the entire German distribution grid, was finalized with the rollout of envelio's technology across all of E.ON's German operators. The system analyzes real-time data from 55 million grid components and over 180,000 measuring devices.

This digital model allows the company to almost instantly assess grid capacity and process connection requests for new energy sources like solar panels, wind turbines, heat pumps, and electric vehicle chargers. According to E.ON, it handled over 410,000 such requests last year alone. The system identifies areas needing urgent grid expansion and where sufficient capacity already exists.

Company officials state the primary goal is to manage the increasing complexity of the energy system, strengthen the security of supply, and accelerate Germany's energy transition. E.ON, whose grid is connected to more than half of Germany's renewable energy capacity, has also deployed the digital twin technology for its grids in Sweden, the Czech Republic, and Poland.

197ef6564a51268c
**E.ON Increases Dividend for Tenth Consecutive Year**

**ESSEN, Germany** – Shareholders of European energy giant E.ON SE approved a dividend increase to €0.55 per share for the 2024 fiscal year during the company's virtual Annual General Meeting on May 15, 2025. This marks the tenth straight year the company has raised its dividend.

The decision, passed with a 99.92 percent majority, reaffirms E.ON's progressive dividend policy. The company announced its intention to increase the dividend by up to five percent annually through 2028. CEO Leonhard Birnbaum attributed the company's robust performance to its leading role in the European energy transition, which he said presents significant growth opportunities. The approved dividend is scheduled for payment on May 20, 2025.

During the meeting, which saw representation from over 67 percent of the company's capital stock, shareholders also reelected Supervisory Board members Deborah Wilkens and Rolf Martin Schmitz for three-year terms. The actions of the Management and Supervisory Boards were ratified by large majorities, and the board was authorized to hold virtual meetings for the next two years.

197ef6c14351f3f4
**CyrusOne and E.ON Partner to Build On-Site Power Plant for German Data Center**

FRANKFURT, Germany – Data center operator CyrusOne and energy company E.ON announced a strategic partnership on June 2, 2025, to develop local power generation systems aimed at overcoming grid capacity shortages in Europe.

The partnership's first project will be a dedicated power generation system for CyrusOne's FRA7 data center in Griesheim, near Frankfurt. E.ON will design and build the facility, which is slated to provide an additional 61 megawatts of electricity to the data center by 2029.

This on-site power plant will allow the campus to expand its total IT capacity to 126 megawatts, providing a solution to the limited grid capacity and connection delays that have constrained growth in Frankfurt, Europe's largest data center market.

The companies stated the initiative is a response to the growing demand for digital infrastructure and the challenges of connecting large-scale facilities to the public power grid. The new system is designed to be highly efficient, converting waste heat into cooling for the data center, and is engineered to be "hydrogen-ready" for a future transition away from natural gas. The partnership intends to replicate this model in other European markets facing similar energy constraints.

19a0cf9dbbf3c432
**Google Bolsters Account Security with 2-Step Verification Rollout**

MOUNTAIN VIEW, CA – Google is enhancing security for its users by activating 2-Step Verification (2SV) on accounts, a measure designed to protect against unauthorized access. Account holders are receiving email notifications informing them that the additional security layer is now active on their profile.

The change requires users to provide a second form of identification in addition to their password when signing in from a new or untrusted device. According to the notification sent from Google's Dublin, Ireland office, this "second factor" is used to verify the user’s identity and safeguard their account.

In the communication, Google urges users to establish backup methods to avoid being locked out. The company recommends adding a backup phone number or obtaining single-use backup codes for instances when the primary verification method is unavailable. Links are also provided for users to review their security settings and monitor account activity. The move is part of a broader industry push to protect user data from escalating online threats.

19a0d112d664fd4c
**New Long-Term Data Shows Increased Efficacy for Desmoid Tumor Drug OGSIVEO**

DARMSTADT, Germany – Merck announced Tuesday the publication of new long-term data demonstrating the sustained efficacy and safety of its drug OGSIVEO® (nirogacestat) for adults with desmoid tumors. The findings, published in the *Journal of Clinical Oncology*, show that treatment for up to four years led to further tumor size reductions and increased response rates compared to earlier results.

The data comes from the global Phase 3 DeFi clinical trial, with a final analysis cutoff date of December 2024. OGSIVEO, an oral medication developed by Merck’s subsidiary SpringWorks Therapeutics, is used to treat adults with progressing desmoid tumors, which are rare, non-cancerous but locally aggressive soft-tissue growths.

According to the publication, the objective response rate for patients on OGSIVEO increased from 34.3% at one year to 45.7% with long-term treatment. The study also documented sustained improvements in patient-reported outcomes, including pain and physical functioning. Researchers noted that the incidence and severity of common side effects, such as diarrhea and rash, generally decreased over the extended treatment period.

Dr. Ravin Ratan of The University of Texas MD Anderson Cancer Center and lead author of the publication stated the data provides physicians with crucial information regarding the long-term use of nirogacestat. The results are expected to help inform treatment decisions for a condition that can cause significant pain and functional impairment for patients.

19a1c951f73a8604
**HeyGen Introduces AI Tool to Turn Text Prompts into Motion Graphics**

**LOS ANGELES** – The AI video generation company HeyGen has announced the launch of "Motion Designer," a new tool that creates animated graphics from text-based prompts. The feature is now available to users on the company's platform.

HeyGen states that Motion Designer is the first prompt-based motion graphics generator, developed to allow users to create dynamic visuals, charts, title cards, and explainer graphics in seconds. The tool is designed to streamline the animation process, which traditionally requires specialized software and significant time.

According to the company's announcement, the new feature enables users to type a description of the visual they want to create, and the AI will generate the animation. It also includes features for style matching, automatic application of brand-specific fonts and logos, and seamless integration with HeyGen's existing script and avatar tools. HeyGen is positioning the tool as a way for businesses and creators to produce professional motion graphics without needing dedicated design studios or freelance animators.

19a20779f9bd4572
**DHL Aims to Simplify U.S. Customs with New Consolidated Clearance Service**

**BONN, GERMANY** – DHL Global Forwarding has launched a new service to streamline the customs process for goods entering the United States. The division of the global logistics company DHL Group announced the "DHL consolidated clearance service" in a recent press release.

The new offering is designed to assist U.S. retailers and importers facing challenges from shifting global trade patterns and increasingly complex tariff regulations. By consolidating multiple individual shipments under a single customs entry, the service aims to create a more cost-efficient and simplified clearance process.

This initiative allows businesses to manage their import operations more effectively, addressing the logistical and financial hurdles associated with processing numerous separate shipments at U.S. ports of entry.

19a2077ce6bc7cb7
**Digital Dead End: Email to "lisa.luckas.ai" Undeliverable, Server Confirms**

**CYBERSPACE –** An email addressed to "lisa.luckas.ai@make-europe.com" recently failed to be delivered, triggering an automated non-delivery report from Google's mail servers. The message was sent back to the original sender, whose identity was not disclosed.

The bounce-back notification, which originated from Google’s SMTP service, occurred because the recipient's server could not find the specified account.

The server's response provided a clear reason for the failure, citing a "550 5.1.1" error. According to the message, this code signifies that "The email account that you tried to reach does not exist." The system advised the sender to verify the address for potential typos before attempting to resend. The failure confirms that no active mailbox for "lisa.luckas.ai" is registered within the "make-europe.com" domain.

19a21a2902ada12b
### Solana Hackathon Winners Raise Over $700M, New Accelerator Launched

**GLOBAL** – Winning teams from Solana ecosystem hackathons have raised over $700 million in venture capital in the past four years, cementing the events as a key launchpad for new technology companies. Building on this success, a new accelerator program has been established by the organization Colosseum to provide $250,000 in pre-seed funding to future winners.

The hackathons have attracted more than 80,000 participants from around the world, resulting in the creation of thousands of new products on the Solana network. These events draw significant support from major technology and finance companies, with past sponsors including Google Cloud, Microsoft, Stripe, Coinbase, and Amazon Web Services. Their involvement aims to provide developers with the resources needed for innovation.

The new accelerator by Colosseum formalizes a pathway from competition to company. All hackathon winners will now be considered for the program. Accepted teams receive the $250,000 investment to kickstart their ventures.

Colosseum, which collaborates with top founders, developers, and investors for judging and mentorship, will also provide the selected startups with exclusive access to an elite founder network and direct 1:1 mentorship. The initiative is designed to streamline the journey for promising projects emerging from the competitive hackathon environment.

19a21aa14b3c7b67
**T-Systems Launches AI-Powered Service to Speed Up Corporate Cloud Transitions**

**BONN, Germany** – T-Systems, the IT services subsidiary of Deutsche Telekom, announced on Thursday the launch of "T-Systems @Vantage," a new artificial intelligence-based service designed to accelerate companies' migration to the cloud.

The offering provides an end-to-end solution for businesses looking to modernize their legacy IT infrastructure. T-Systems @Vantage is a modular package that includes advisory services, cloud migration, application modernization, and managed services. The integration of AI aims to make the transformation process faster and more effective by automating complex tasks.

According to the company, the AI component analyzes application architecture, translates programming languages, documents processes, and conducts autonomous testing. This approach is intended to tackle complex legacy systems that were previously considered too difficult or expensive to update, with T-Systems claiming customers could see cost savings of up to 30% and release changes up to 15 times faster. The service is also designed to be a sovereign and secure offering, utilizing T-Systems' European cloud platforms to ensure compliance with local regulations.

"Many customers have started their transformation to the cloud, but the expected results have not materialized," said Ferri Abolhassan, CEO of T-Systems. "Cloud computing is only successful when applications are modernized, not simply lifted and shifted to the cloud." Abolhassan noted that the new service addresses common challenges, such as unexpected complexity and a failure to achieve expected efficiency gains during IT transformations.

19a21ad15b7039f8
**Daimler Truck, HHLA, and Kawasaki Partner to Build European Liquid Hydrogen Supply Chain**

**HAMBURG, Germany** – Daimler Truck AG, Hamburger Hafen und Logistik AG (HHLA), and Kawasaki Heavy Industries have launched a strategic partnership to establish a liquid hydrogen supply chain for Europe. The three companies signed a Memorandum of Understanding on October 22 at the Hydrogen Technology World Expo in Hamburg.

The collaboration aims to develop a reliable and cost-effective system for importing green liquid hydrogen through the Port of Hamburg and distributing it to the European hinterland. The partners will assess the logistical requirements for transshipment and transportation via road and rail in the coming months.

This initiative seeks to position Hamburg as a central hub for sustainable energy imports and accelerate the decarbonization of transport and industry. The partners bring distinct expertise to the project: Kawasaki as a technology provider for hydrogen infrastructure, HHLA as a European logistics and port operator, and Daimler Truck as a manufacturer of hydrogen-powered commercial vehicles, including its Mercedes-Benz GenH2 Truck.

The project also intends to attract additional companies to form a consortium covering the entire hydrogen value chain, from production to end-use, reinforcing the push for a hydrogen-based economy in Europe.

